error: lifetime may not live long enough
  --> $DIR/issue-100013.rs:23:17
   |
LL | fn call2<'a, 'b, I: FutureIterator>() -> impl Send {
   |          --  -- lifetime `'b` defined here
   |          |
   |          lifetime `'a` defined here
LL |     async { // a coroutine checked for autotrait impl `Send`
LL |         let x = None::<I::Future<'a, 'b>>; // a type referencing GAT
   |                 ^^^^^^^^^^^^^^^^^^^^^^^^^ requires that `'a` must outlive `'b`
   |
   = help: consider adding the following bound: `'a: 'b`

error: aborting due to 1 previous error

