error: JSON target specifications are incompatible with `-Ztarget-spec`

