error: Error loading target specification: Field llvm-target in target specification is required. Run `rustc --print target-list` for a list of built-in targets

